2026-08-20 13:29:32,577 DEBUG    root            Loaded Command Group: ['gcloud', 'components']
2026-08-20 13:29:32,619 DEBUG    root            Loaded Command Group: ['gcloud', 'components', 'update']
2026-08-20 13:29:32,622 DEBUG    root            Running [gcloud.components.update] with arguments: [--quiet: "True", COMPONENT-IDS:8: "['gcloud', 'core', 'bq', 'gsutil', 'compute', 'preview', 'alpha', 'beta']"]
2026-08-20 13:29:32,623 DEBUG    root            On GCE from disk cache: False
2026-08-20 13:29:32,623 INFO     ___FILE_ONLY___ Beginning update. This process may take several minutes.

2026-08-20 13:29:32,625 DEBUG    root            On GCE from memory cache: False
2026-08-20 13:29:32,627 DEBUG    root            On GCE from memory cache: False
2026-08-20 13:29:32,629 DEBUG    urllib3.connectionpool Starting new HTTPS connection (1): dl.google.com:443
2026-08-20 13:29:32,648 DEBUG    urllib3.connectionpool https://dl.google.com:443 "GET /dl/cloudsdk/channels/rapid/components-2.json HTTP/1.1" 200 28475
2026-08-20 13:29:32,660 WARNING  root            Component [compute] no longer exists.
2026-08-20 13:29:32,662 INFO     ___FILE_ONLY___ 

2026-08-20 13:29:32,662 INFO     ___FILE_ONLY___ 
Your current Google Cloud CLI version is: 581.0.0

2026-08-20 13:29:32,662 INFO     ___FILE_ONLY___ Installing components from version: 581.0.0

2026-08-20 13:29:32,663 INFO     ___FILE_ONLY___ 

2026-08-20 13:29:32,663 DEBUG    root            Chosen display Format:table[box,title="These components will be removed."](details.display_name:label=Name:align=left,version.version_string:label=Version:align=right,data.size.size(zero="",min=1048576):label=Size:align=right)
2026-08-20 13:29:32,663 DEBUG    root            Chosen display Format:table[box,title="These components will be updated."](details.display_name:label=Name:align=left,version.version_string:label=Version:align=right,data.size.size(zero="",min=1048576):label=Size:align=right)
2026-08-20 13:29:32,664 DEBUG    root            Chosen display Format:table[box,title="These components will be installed."](details.display_name:label=Name:align=left,version.version_string:label=Version:align=right,data.size.size(zero="",min=1048576):label=Size:align=right)
2026-08-20 13:29:32,681 INFO     ___FILE_ONLY___ ┌────────────────────────────────────────────────┐
2026-08-20 13:29:32,681 INFO     ___FILE_ONLY___ 

2026-08-20 13:29:32,681 INFO     ___FILE_ONLY___ │      These components will be installed.       │
2026-08-20 13:29:32,682 INFO     ___FILE_ONLY___ 

2026-08-20 13:29:32,682 INFO     ___FILE_ONLY___ ├─────────────────────────┬────────────┬─────────┤
2026-08-20 13:29:32,682 INFO     ___FILE_ONLY___ 

2026-08-20 13:29:32,682 INFO     ___FILE_ONLY___ │           Name          │  Version   │   Size  │
2026-08-20 13:29:32,682 INFO     ___FILE_ONLY___ 

2026-08-20 13:29:32,682 INFO     ___FILE_ONLY___ ├─────────────────────────┼────────────┼─────────┤
2026-08-20 13:29:32,682 INFO     ___FILE_ONLY___ 

2026-08-20 13:29:32,682 INFO     ___FILE_ONLY___ │ 
2026-08-20 13:29:32,682 INFO     ___FILE_ONLY___ gcloud Alpha Commands  
2026-08-20 13:29:32,683 INFO     ___FILE_ONLY___  
2026-08-20 13:29:32,683 INFO     ___FILE_ONLY___ │ 
2026-08-20 13:29:32,683 INFO     ___FILE_ONLY___ 2026.08.14
2026-08-20 13:29:32,683 INFO     ___FILE_ONLY___  
2026-08-20 13:29:32,683 INFO     ___FILE_ONLY___ │ 
2026-08-20 13:29:32,683 INFO     ___FILE_ONLY___ < 1 MiB
2026-08-20 13:29:32,683 INFO     ___FILE_ONLY___  
2026-08-20 13:29:32,683 INFO     ___FILE_ONLY___ │
2026-08-20 13:29:32,683 INFO     ___FILE_ONLY___ 

2026-08-20 13:29:32,683 INFO     ___FILE_ONLY___ │ 
2026-08-20 13:29:32,683 INFO     ___FILE_ONLY___ gcloud Beta Commands   
2026-08-20 13:29:32,684 INFO     ___FILE_ONLY___  
2026-08-20 13:29:32,684 INFO     ___FILE_ONLY___ │ 
2026-08-20 13:29:32,684 INFO     ___FILE_ONLY___ 2026.08.14
2026-08-20 13:29:32,684 INFO     ___FILE_ONLY___  
2026-08-20 13:29:32,684 INFO     ___FILE_ONLY___ │ 
2026-08-20 13:29:32,684 INFO     ___FILE_ONLY___ < 1 MiB
2026-08-20 13:29:32,684 INFO     ___FILE_ONLY___  
2026-08-20 13:29:32,684 INFO     ___FILE_ONLY___ │
2026-08-20 13:29:32,684 INFO     ___FILE_ONLY___ 

2026-08-20 13:29:32,684 INFO     ___FILE_ONLY___ │ 
2026-08-20 13:29:32,684 INFO     ___FILE_ONLY___ gcloud Preview Commands
2026-08-20 13:29:32,685 INFO     ___FILE_ONLY___  
2026-08-20 13:29:32,685 INFO     ___FILE_ONLY___ │ 
2026-08-20 13:29:32,685 INFO     ___FILE_ONLY___ 2026.08.14
2026-08-20 13:29:32,685 INFO     ___FILE_ONLY___  
2026-08-20 13:29:32,685 INFO     ___FILE_ONLY___ │ 
2026-08-20 13:29:32,685 INFO     ___FILE_ONLY___ < 1 MiB
2026-08-20 13:29:32,685 INFO     ___FILE_ONLY___  
2026-08-20 13:29:32,685 INFO     ___FILE_ONLY___ │
2026-08-20 13:29:32,685 INFO     ___FILE_ONLY___ 

2026-08-20 13:29:32,685 INFO     ___FILE_ONLY___ └─────────────────────────┴────────────┴─────────┘
2026-08-20 13:29:32,685 INFO     ___FILE_ONLY___ 

2026-08-20 13:29:32,686 INFO     ___FILE_ONLY___ 

2026-08-20 13:29:32,687 DEBUG    root            On GCE from memory cache: False
2026-08-20 13:29:32,688 DEBUG    root            On GCE from memory cache: False
2026-08-20 13:29:32,689 DEBUG    urllib3.connectionpool Starting new HTTPS connection (1): dl.google.com:443
2026-08-20 13:29:32,704 DEBUG    urllib3.connectionpool https://dl.google.com:443 "GET /dl/cloudsdk/channels/rapid/RELEASE_NOTES HTTP/1.1" 200 399308
2026-08-20 13:29:33,650 INFO     ___FILE_ONLY___ For the latest full release notes, please visit:
  https://cloud.google.com/sdk/release_notes


2026-08-20 13:29:33,651 INFO     ___FILE_ONLY___ Performing in place update...


2026-08-20 13:29:33,653 INFO     ___FILE_ONLY___ ╔════════════════════════════════════════════════════════════╗

2026-08-20 13:29:33,653 INFO     ___FILE_ONLY___ ╠═ Downloading: gcloud Alpha Commands                       ═╣

2026-08-20 13:29:33,653 INFO     ___FILE_ONLY___ ╚
2026-08-20 13:29:33,655 DEBUG    root            On GCE from memory cache: False
2026-08-20 13:29:33,656 DEBUG    root            On GCE from memory cache: False
2026-08-20 13:29:33,658 DEBUG    urllib3.connectionpool Starting new HTTPS connection (1): dl.google.com:443
2026-08-20 13:29:33,728 DEBUG    urllib3.connectionpool https://dl.google.com:443 "GET /dl/cloudsdk/channels/rapid/components/google-cloud-sdk-alpha-20260814074256.tar.gz HTTP/1.1" 200 761
2026-08-20 13:29:33,729 INFO     ___FILE_ONLY___ ════════════════════════════════════════════════════════════
2026-08-20 13:29:33,729 INFO     ___FILE_ONLY___ ╝

2026-08-20 13:29:33,731 INFO     ___FILE_ONLY___ ╔════════════════════════════════════════════════════════════╗

2026-08-20 13:29:33,731 INFO     ___FILE_ONLY___ ╠═ Downloading: gcloud Beta Commands                        ═╣

2026-08-20 13:29:33,731 INFO     ___FILE_ONLY___ ╚
2026-08-20 13:29:33,732 DEBUG    root            On GCE from memory cache: False
2026-08-20 13:29:33,734 DEBUG    root            On GCE from memory cache: False
2026-08-20 13:29:33,735 DEBUG    urllib3.connectionpool Starting new HTTPS connection (1): dl.google.com:443
2026-08-20 13:29:33,747 DEBUG    urllib3.connectionpool https://dl.google.com:443 "GET /dl/cloudsdk/channels/rapid/components/google-cloud-sdk-beta-20260814074256.tar.gz HTTP/1.1" 200 758
2026-08-20 13:29:33,748 INFO     ___FILE_ONLY___ ════════════════════════════════════════════════════════════
2026-08-20 13:29:33,748 INFO     ___FILE_ONLY___ ╝

2026-08-20 13:29:33,750 INFO     ___FILE_ONLY___ ╔════════════════════════════════════════════════════════════╗

2026-08-20 13:29:33,751 INFO     ___FILE_ONLY___ ╠═ Downloading: gcloud Preview Commands                     ═╣

2026-08-20 13:29:33,751 INFO     ___FILE_ONLY___ ╚
2026-08-20 13:29:33,752 DEBUG    root            On GCE from memory cache: False
2026-08-20 13:29:33,754 DEBUG    root            On GCE from memory cache: False
2026-08-20 13:29:33,755 DEBUG    urllib3.connectionpool Starting new HTTPS connection (1): dl.google.com:443
2026-08-20 13:29:33,816 DEBUG    urllib3.connectionpool https://dl.google.com:443 "GET /dl/cloudsdk/channels/rapid/components/google-cloud-sdk-preview-20260814074256.tar.gz HTTP/1.1" 200 782
2026-08-20 13:29:33,817 INFO     ___FILE_ONLY___ ════════════════════════════════════════════════════════════
2026-08-20 13:29:33,817 INFO     ___FILE_ONLY___ ╝

2026-08-20 13:29:33,820 INFO     ___FILE_ONLY___ ╔════════════════════════════════════════════════════════════╗

2026-08-20 13:29:33,820 INFO     ___FILE_ONLY___ ╠═ Installing: gcloud Alpha Commands                        ═╣

2026-08-20 13:29:33,820 INFO     ___FILE_ONLY___ ╚
2026-08-20 13:29:33,821 INFO     ___FILE_ONLY___ ════════════════════════════════════════════════════════════
2026-08-20 13:29:33,821 INFO     ___FILE_ONLY___ ╝

2026-08-20 13:29:33,830 INFO     ___FILE_ONLY___ ╔════════════════════════════════════════════════════════════╗

2026-08-20 13:29:33,830 INFO     ___FILE_ONLY___ ╠═ Installing: gcloud Beta Commands                         ═╣

2026-08-20 13:29:33,830 INFO     ___FILE_ONLY___ ╚
2026-08-20 13:29:33,831 INFO     ___FILE_ONLY___ ════════════════════════════════════════════════════════════
2026-08-20 13:29:33,831 INFO     ___FILE_ONLY___ ╝

2026-08-20 13:29:33,838 INFO     ___FILE_ONLY___ ╔════════════════════════════════════════════════════════════╗

2026-08-20 13:29:33,838 INFO     ___FILE_ONLY___ ╠═ Installing: gcloud Preview Commands                      ═╣

2026-08-20 13:29:33,838 INFO     ___FILE_ONLY___ ╚
2026-08-20 13:29:33,839 INFO     ___FILE_ONLY___ ════════════════════════════════════════════════════════════
2026-08-20 13:29:33,839 INFO     ___FILE_ONLY___ ╝

2026-08-20 13:29:33,848 DEBUG    root            Updating notification cache...
2026-08-20 13:29:33,849 INFO     ___FILE_ONLY___ 

2026-08-20 13:29:33,851 INFO     ___FILE_ONLY___ Performing post processing steps...
2026-08-20 13:29:33,852 DEBUG    root            Executing command: ['/tools/google-cloud-sdk/bin/gcloud', 'components', 'post-process']
2026-08-20 13:29:44,124 DEBUG    ___FILE_ONLY___ 
2026-08-20 13:29:44,125 DEBUG    ___FILE_ONLY___ 
2026-08-20 13:29:44,394 INFO     root            descriptor_list: [{'universeDomain': 'googleapis.com', 'universeShortName': '', 'authenticationDomain': 'auth.cloud.google.com', 'projectPrefix': '', 'cloudWebDomain': 'cloud.google.com', 'documentationDomain': 'cloud.google.com', 'version': '1.0.0', 'state': 'primary', 'artifactRegistryDomain': 'pkg.dev'}]
2026-08-20 13:29:44,394 INFO     ___FILE_ONLY___ 
Update done!


2026-08-20 13:29:44,398 DEBUG    root            Chosen display Format:none
2026-08-20 13:29:44,398 INFO     root            Display format: "none"
